
> @open-design/web@0.22.1 build /workspace/Mokina/open-design/apps/web
> next build

▲ Next.js 16.3.6 (Turbopack)
✓ Running next.config.ts took 25ms

  Creating an optimized production build ...
✓ Compiled successfully in 11.2s
  Running TypeScript ...
  Finished TypeScript in 8.0s ...
  Collecting page data using 4 workers ...
  Generating static pages using 4 workers (0/4) ...
  Generating static pages using 4 workers (1/4)
  Generating static pages using 4 workers (2/4)
  Generating static pages using 4 workers (3/4)
✓ Generating static pages using 4 workers (4/4) in 373ms
  Finalizing page optimization ...

Route (app)
┌ ○ /_not-found
├   /[[...slug]]
│ └ ● /
└ ○ /desktop-pet


○  (Static)  prerendered as static content
●  (SSG)     prerendered as static HTML (uses generateStaticParams)
